thor@jumphost ~$ ssh tony@stapp01
The authenticity of host 'stapp01 (172.16.238.10)' can't be established.
ED25519 key fingerprint is SHA256:vvB4wSVRwMLygcFvSfpluF4uBchQIzej+Uk/AwAB2cg.
This key is not known by any other names
Are you sure you want to continue connecting (yes/no/[fingerprint])? yes 
Warning: Permanently added 'stapp01' (ED25519) to the list of known hosts.
tony@stapp01's password: 

Permission denied, please try again.
tony@stapp01's password: 
Permission denied, please try again.
tony@stapp01's password: 
Last failed login: Sat Jan 24 18:14:32 UTC 2026 from 172.16.238.3 on ssh:notty
There were 2 failed login attempts since the last successful login.
[tony@stapp01 ~]$ sudo -i 

We trust you have received the usual lecture from the local System
Administrator. It usually boils down to these three things:

    #1) Respect the privacy of others.
    #2) Think before you type.
    #3) With great power comes great responsibility.

[sudo] password for tony: 
[root@stapp01 ~]# ls -lah /tmp/xfusioncorp.sh
---------- 1 root root 40 Jan 24 18:13 /tmp/xfusioncorp.sh
[root@stapp01 ~]# chmod +xr /tmp/xfusioncorp.sh 
[root@stapp01 ~]# ls -lah /tmp/xfusioncorp.sh
-r-xr-xr-x 1 root root 40 Jan 24 18:13 /tmp/xfusioncorp.sh
[root@stapp01 ~]# 
